c:\users\pc\onedrive\바탕 화면\merge_sun_and_moon\merge\d3d12_project\d3d12_project\x64\release\vc143.pdb
c:\users\pc\onedrive\바탕 화면\merge_sun_and_moon\merge\d3d12_project\d3d12_project\x64\release\win32application.obj
c:\users\pc\onedrive\바탕 화면\merge_sun_and_moon\merge\d3d12_project\d3d12_project\x64\release\stdafx.obj
c:\users\pc\onedrive\바탕 화면\merge_sun_and_moon\merge\d3d12_project\d3d12_project\x64\release\skinneddata.obj
c:\users\pc\onedrive\바탕 화면\merge_sun_and_moon\merge\d3d12_project\d3d12_project\x64\release\shadow.obj
c:\users\pc\onedrive\바탕 화면\merge_sun_and_moon\merge\d3d12_project\d3d12_project\x64\release\scene.obj
c:\users\pc\onedrive\바탕 화면\merge_sun_and_moon\merge\d3d12_project\d3d12_project\x64\release\resourcemanager.obj
c:\users\pc\onedrive\바탕 화면\merge_sun_and_moon\merge\d3d12_project\d3d12_project\x64\release\otherplayermanager.obj
c:\users\pc\onedrive\바탕 화면\merge_sun_and_moon\merge\d3d12_project\d3d12_project\x64\release\object.obj
c:\users\pc\onedrive\바탕 화면\merge_sun_and_moon\merge\d3d12_project\d3d12_project\x64\release\networkmanager.obj
c:\users\pc\onedrive\바탕 화면\merge_sun_and_moon\merge\d3d12_project\d3d12_project\x64\release\mathhelper.obj
c:\users\pc\onedrive\바탕 화면\merge_sun_and_moon\merge\d3d12_project\d3d12_project\x64\release\main.obj
c:\users\pc\onedrive\바탕 화면\merge_sun_and_moon\merge\d3d12_project\d3d12_project\x64\release\loginui.obj
c:\users\pc\onedrive\바탕 화면\merge_sun_and_moon\merge\d3d12_project\d3d12_project\x64\release\gametimer.obj
c:\users\pc\onedrive\바탕 화면\merge_sun_and_moon\merge\d3d12_project\d3d12_project\x64\release\framework.obj
c:\users\pc\onedrive\바탕 화면\merge_sun_and_moon\merge\d3d12_project\d3d12_project\x64\release\fbxextractor.obj
c:\users\pc\onedrive\바탕 화면\merge_sun_and_moon\merge\d3d12_project\d3d12_project\x64\release\ddstextureloader12.obj
c:\users\pc\onedrive\바탕 화면\merge_sun_and_moon\merge\d3d12_project\d3d12_project\x64\release\component.obj
c:\users\pc\onedrive\바탕 화면\merge_sun_and_moon\merge\d3d12_project\x64\release\d3d12_project.exe
c:\users\pc\onedrive\바탕 화면\merge_sun_and_moon\merge\d3d12_project\x64\release\d3d12_project.pdb
c:\users\pc\onedrive\바탕 화면\merge_sun_and_moon\merge\d3d12_project\d3d12_project\x64\release\d3d12_project.ipdb
c:\users\pc\onedrive\바탕 화면\merge_sun_and_moon\merge\d3d12_project\d3d12_project\x64\release\d3d12_project.iobj
c:\users\pc\onedrive\바탕 화면\merge_sun_and_moon\merge\d3d12_project\d3d12_project\x64\release\d3d12_project.tlog\cl.command.1.tlog
c:\users\pc\onedrive\바탕 화면\merge_sun_and_moon\merge\d3d12_project\d3d12_project\x64\release\d3d12_project.tlog\cl.items.tlog
c:\users\pc\onedrive\바탕 화면\merge_sun_and_moon\merge\d3d12_project\d3d12_project\x64\release\d3d12_project.tlog\cl.read.1.tlog
c:\users\pc\onedrive\바탕 화면\merge_sun_and_moon\merge\d3d12_project\d3d12_project\x64\release\d3d12_project.tlog\cl.write.1.tlog
c:\users\pc\onedrive\바탕 화면\merge_sun_and_moon\merge\d3d12_project\d3d12_project\x64\release\d3d12_project.tlog\link.command.1.tlog
c:\users\pc\onedrive\바탕 화면\merge_sun_and_moon\merge\d3d12_project\d3d12_project\x64\release\d3d12_project.tlog\link.read.1.tlog
c:\users\pc\onedrive\바탕 화면\merge_sun_and_moon\merge\d3d12_project\d3d12_project\x64\release\d3d12_project.tlog\link.secondary.1.tlog
c:\users\pc\onedrive\바탕 화면\merge_sun_and_moon\merge\d3d12_project\d3d12_project\x64\release\d3d12_project.tlog\link.write.1.tlog
