  OtherPlayerManager.cpp
C:\Users\hsj03\OneDrive - UTS\바탕 화면\D3D12_Project\Merge_Sun_and_Moon\Merge\D3D12_Project\OtherPlayerManager.cpp(1,1): warning C4819: The file contains a character that cannot be represented in the current code page (949). Save the file in Unicode format to prevent data loss
C:\Users\hsj03\OneDrive - UTS\바탕 화면\D3D12_Project\Merge_Sun_and_Moon\Merge\D3D12_Project\stdafx.h(10,9): warning C4005: '_WINSOCKAPI_': macro redefinition
  (compiling source file 'OtherPlayerManager.cpp')
      C:\Users\hsj03\OneDrive - UTS\바탕 화면\D3D12_Project\Merge_Sun_and_Moon\Merge\D3D12_Project\stdafx.h(10,9):
      '_WINSOCKAPI_' previously declared on the command line
  
C:\Users\hsj03\OneDrive - UTS\바탕 화면\D3D12_Project\Merge_Sun_and_Moon\Merge\D3D12_Project\OtherPlayerManager.h(1,1): warning C4819: The file contains a character that cannot be represented in the current code page (949). Save the file in Unicode format to prevent data loss
  (compiling source file 'OtherPlayerManager.cpp')
  
C:\Users\hsj03\OneDrive - UTS\바탕 화면\D3D12_Project\Merge_Sun_and_Moon\Merge\D3D12_Project\Object.h(1,1): warning C4819: The file contains a character that cannot be represented in the current code page (949). Save the file in Unicode format to prevent data loss
  (compiling source file 'OtherPlayerManager.cpp')
  
C:\Users\hsj03\OneDrive - UTS\바탕 화면\D3D12_Project\Merge_Sun_and_Moon\Merge\D3D12_Project\Scene.h(1,1): warning C4819: The file contains a character that cannot be represented in the current code page (949). Save the file in Unicode format to prevent data loss
  (compiling source file 'OtherPlayerManager.cpp')
  
C:\Users\hsj03\OneDrive - UTS\바탕 화면\D3D12_Project\Merge_Sun_and_Moon\Merge\D3D12_Project\NetworkManager.h(1,1): warning C4819: The file contains a character that cannot be represented in the current code page (949). Save the file in Unicode format to prevent data loss
  (compiling source file 'OtherPlayerManager.cpp')
  
C:\Users\hsj03\OneDrive - UTS\바탕 화면\D3D12_Project\Merge_Sun_and_Moon\Merge\D3D12_Project\Packet.h(1,1): warning C4819: The file contains a character that cannot be represented in the current code page (949). Save the file in Unicode format to prevent data loss
  (compiling source file 'OtherPlayerManager.cpp')
  
C:\Users\hsj03\OneDrive - UTS\바탕 화면\D3D12_Project\Merge_Sun_and_Moon\Merge\D3D12_Project\OtherPlayerManager.cpp(59,34): warning C4101: 'e': unreferenced local variable
  Scene.cpp
C:\Users\hsj03\OneDrive - UTS\바탕 화면\D3D12_Project\Merge_Sun_and_Moon\Merge\D3D12_Project\Scene.cpp(1,1): warning C4819: The file contains a character that cannot be represented in the current code page (949). Save the file in Unicode format to prevent data loss
C:\Users\hsj03\OneDrive - UTS\바탕 화면\D3D12_Project\Merge_Sun_and_Moon\Merge\D3D12_Project\stdafx.h(10,9): warning C4005: '_WINSOCKAPI_': macro redefinition
  (compiling source file 'Scene.cpp')
      C:\Users\hsj03\OneDrive - UTS\바탕 화면\D3D12_Project\Merge_Sun_and_Moon\Merge\D3D12_Project\stdafx.h(10,9):
      '_WINSOCKAPI_' previously declared on the command line
  
C:\Users\hsj03\OneDrive - UTS\바탕 화면\D3D12_Project\Merge_Sun_and_Moon\Merge\D3D12_Project\Scene.h(1,1): warning C4819: The file contains a character that cannot be represented in the current code page (949). Save the file in Unicode format to prevent data loss
  (compiling source file 'Scene.cpp')
  
C:\Users\hsj03\OneDrive - UTS\바탕 화면\D3D12_Project\Merge_Sun_and_Moon\Merge\D3D12_Project\Object.h(1,1): warning C4819: The file contains a character that cannot be represented in the current code page (949). Save the file in Unicode format to prevent data loss
  (compiling source file 'Scene.cpp')
  
C:\Users\hsj03\OneDrive - UTS\바탕 화면\D3D12_Project\Merge_Sun_and_Moon\Merge\D3D12_Project\NetworkManager.h(1,1): warning C4819: The file contains a character that cannot be represented in the current code page (949). Save the file in Unicode format to prevent data loss
  (compiling source file 'Scene.cpp')
  
C:\Users\hsj03\OneDrive - UTS\바탕 화면\D3D12_Project\Merge_Sun_and_Moon\Merge\D3D12_Project\Packet.h(1,1): warning C4819: The file contains a character that cannot be represented in the current code page (949). Save the file in Unicode format to prevent data loss
  (compiling source file 'Scene.cpp')
  
C:\Users\hsj03\OneDrive - UTS\바탕 화면\D3D12_Project\Merge_Sun_and_Moon\Merge\D3D12_Project\OtherPlayerManager.h(1,1): warning C4819: The file contains a character that cannot be represented in the current code page (949). Save the file in Unicode format to prevent data loss
  (compiling source file 'Scene.cpp')
  
C:\Users\hsj03\OneDrive - UTS\바탕 화면\D3D12_Project\Merge_Sun_and_Moon\Merge\D3D12_Project\Framework.h(1,1): warning C4819: The file contains a character that cannot be represented in the current code page (949). Save the file in Unicode format to prevent data loss
  (compiling source file 'Scene.cpp')
  
C:\Users\hsj03\OneDrive - UTS\바탕 화면\D3D12_Project\Merge_Sun_and_Moon\Merge\D3D12_Project\LoginUI.h(1,1): warning C4819: The file contains a character that cannot be represented in the current code page (949). Save the file in Unicode format to prevent data loss
  (compiling source file 'Scene.cpp')
  
C:\Users\hsj03\OneDrive - UTS\바탕 화면\D3D12_Project\Merge_Sun_and_Moon\Merge\D3D12_Project\Scene.cpp(572,1): warning C4819: The file contains a character that cannot be represented in the current code page (949). Save the file in Unicode format to prevent data loss
C:\Users\hsj03\OneDrive - UTS\바탕 화면\D3D12_Project\Merge_Sun_and_Moon\Merge\D3D12_Project\Scene.cpp(1034,13): warning C4305: '=': truncation from 'double' to 'float'
C:\Users\hsj03\OneDrive - UTS\바탕 화면\D3D12_Project\Merge_Sun_and_Moon\Merge\D3D12_Project\Scene.cpp(1122,1): warning C4819: The file contains a character that cannot be represented in the current code page (949). Save the file in Unicode format to prevent data loss
C:\Users\hsj03\OneDrive - UTS\바탕 화면\D3D12_Project\Merge_Sun_and_Moon\Merge\D3D12_Project\Scene.cpp(1250,28): warning C4244: '=': conversion from 'int' to 'float', possible loss of data
C:\Users\hsj03\OneDrive - UTS\바탕 화면\D3D12_Project\Merge_Sun_and_Moon\Merge\D3D12_Project\Scene.cpp(1251,29): warning C4244: '=': conversion from 'int' to 'float', possible loss of data
C:\Users\hsj03\OneDrive - UTS\바탕 화면\D3D12_Project\Merge_Sun_and_Moon\Merge\D3D12_Project\Scene.cpp(1558,34): warning C4101: 'e': unreferenced local variable
C:\Users\hsj03\OneDrive - UTS\바탕 화면\D3D12_Project\Merge_Sun_and_Moon\Merge\D3D12_Project\Scene.cpp(1627,90): warning C4267: 'argument': conversion from 'size_t' to 'UINT', possible loss of data
C:\Users\hsj03\OneDrive - UTS\바탕 화면\D3D12_Project\Merge_Sun_and_Moon\Merge\D3D12_Project\Scene.cpp(1666,79): warning C4267: 'initializing': conversion from 'size_t' to 'UINT', possible loss of data
C:\Users\hsj03\OneDrive - UTS\바탕 화면\D3D12_Project\Merge_Sun_and_Moon\Merge\D3D12_Project\Scene.cpp(1666,33): warning C4267: 'initializing': conversion from 'size_t' to 'const UINT', possible loss of data
C:\Users\hsj03\OneDrive - UTS\바탕 화면\D3D12_Project\Merge_Sun_and_Moon\Merge\D3D12_Project\Scene.cpp(1699,77): warning C4267: 'initializing': conversion from 'size_t' to 'UINT', possible loss of data
C:\Users\hsj03\OneDrive - UTS\바탕 화면\D3D12_Project\Merge_Sun_and_Moon\Merge\D3D12_Project\Scene.cpp(1699,32): warning C4267: 'initializing': conversion from 'size_t' to 'const UINT', possible loss of data
C:\Users\hsj03\OneDrive - UTS\바탕 화면\D3D12_Project\Merge_Sun_and_Moon\Merge\D3D12_Project\Scene.cpp(1734,82): warning C4267: '=': conversion from 'size_t' to 'UINT', possible loss of data
C:\Users\hsj03\OneDrive - UTS\바탕 화면\D3D12_Project\Merge_Sun_and_Moon\Merge\D3D12_Project\Scene.cpp(1741,80): warning C4267: '=': conversion from 'size_t' to 'UINT', possible loss of data
C:\Users\hsj03\OneDrive - UTS\바탕 화면\D3D12_Project\Merge_Sun_and_Moon\Merge\D3D12_Project\Scene.cpp(1810,110): warning C4267: 'argument': conversion from 'size_t' to 'UINT', possible loss of data
C:\Users\hsj03\OneDrive - UTS\바탕 화면\D3D12_Project\Merge_Sun_and_Moon\Merge\D3D12_Project\Scene.cpp(1876,1): warning C4819: The file contains a character that cannot be represented in the current code page (949). Save the file in Unicode format to prevent data loss
  Generating code
  6 of 4020 functions ( 0.1%) were compiled, the rest were copied from previous compilation.
    0 functions were new in current compilation
    42 functions had inline decision re-evaluated but remain unchanged
  Finished generating code
  D3D12_Project.vcxproj -> C:\Users\hsj03\OneDrive - UTS\바탕 화면\D3D12_Project\Merge_Sun_and_Moon\Merge\D3D12_Project\x64\Release\D3D12_Project.exe
