  Component.cpp
C:\Users\PC\OneDrive\바탕 화면\Merge_Sun_and_Moon\Merge\D3D12_Project\stdafx.h(10,1): warning C4005: '_WINSOCKAPI_': 매크로 재정의
  (소스 파일 'Component.cpp'을(를) 컴파일하는 중)
  C:\Users\PC\OneDrive\바탕 화면\Merge_Sun_and_Moon\Merge\D3D12_Project\stdafx.h(10,1):
  이전에 명령줄에서 선언된 '_WINSOCKAPI_'
  
C:\Users\PC\OneDrive\바탕 화면\Merge_Sun_and_Moon\Merge\D3D12_Project\Object.h(1,1): warning C4819: 현재 코드 페이지(949)에서 표시할 수 없는 문자가 파일에 들어 있습니다. 데이터가 손실되지 않게 하려면 해당 파일을 유니코드 형식으로 저장하십시오.
  (소스 파일 'Component.cpp'을(를) 컴파일하는 중)
  
C:\Users\PC\OneDrive\바탕 화면\Merge_Sun_and_Moon\Merge\D3D12_Project\NetworkManager.h(1,1): warning C4819: 현재 코드 페이지(949)에서 표시할 수 없는 문자가 파일에 들어 있습니다. 데이터가 손실되지 않게 하려면 해당 파일을 유니코드 형식으로 저장하십시오.
  (소스 파일 'Component.cpp'을(를) 컴파일하는 중)
  
C:\Users\PC\OneDrive\바탕 화면\Merge_Sun_and_Moon\Merge\D3D12_Project\Packet.h(1,1): warning C4819: 현재 코드 페이지(949)에서 표시할 수 없는 문자가 파일에 들어 있습니다. 데이터가 손실되지 않게 하려면 해당 파일을 유니코드 형식으로 저장하십시오.
  (소스 파일 'Component.cpp'을(를) 컴파일하는 중)
  
C:\Users\PC\OneDrive\바탕 화면\Merge_Sun_and_Moon\Merge\D3D12_Project\Component.cpp(129,15): warning C4244: '초기화 중': 'double'에서 'float'(으)로 변환하면서 데이터가 손실될 수 있습니다.
  Framework.cpp
C:\Users\PC\OneDrive\바탕 화면\Merge_Sun_and_Moon\Merge\D3D12_Project\Framework.cpp(1,1): warning C4819: 현재 코드 페이지(949)에서 표시할 수 없는 문자가 파일에 들어 있습니다. 데이터가 손실되지 않게 하려면 해당 파일을 유니코드 형식으로 저장하십시오.
C:\Users\PC\OneDrive\바탕 화면\Merge_Sun_and_Moon\Merge\D3D12_Project\Framework.h(1,1): warning C4819: 현재 코드 페이지(949)에서 표시할 수 없는 문자가 파일에 들어 있습니다. 데이터가 손실되지 않게 하려면 해당 파일을 유니코드 형식으로 저장하십시오.
  (소스 파일 'Framework.cpp'을(를) 컴파일하는 중)
  
C:\Users\PC\OneDrive\바탕 화면\Merge_Sun_and_Moon\Merge\D3D12_Project\stdafx.h(10,1): warning C4005: '_WINSOCKAPI_': 매크로 재정의
  (소스 파일 'Framework.cpp'을(를) 컴파일하는 중)
  C:\Users\PC\OneDrive\바탕 화면\Merge_Sun_and_Moon\Merge\D3D12_Project\stdafx.h(10,1):
  이전에 명령줄에서 선언된 '_WINSOCKAPI_'
  
C:\Users\PC\OneDrive\바탕 화면\Merge_Sun_and_Moon\Merge\D3D12_Project\Object.h(1,1): warning C4819: 현재 코드 페이지(949)에서 표시할 수 없는 문자가 파일에 들어 있습니다. 데이터가 손실되지 않게 하려면 해당 파일을 유니코드 형식으로 저장하십시오.
  (소스 파일 'Framework.cpp'을(를) 컴파일하는 중)
  
C:\Users\PC\OneDrive\바탕 화면\Merge_Sun_and_Moon\Merge\D3D12_Project\NetworkManager.h(1,1): warning C4819: 현재 코드 페이지(949)에서 표시할 수 없는 문자가 파일에 들어 있습니다. 데이터가 손실되지 않게 하려면 해당 파일을 유니코드 형식으로 저장하십시오.
  (소스 파일 'Framework.cpp'을(를) 컴파일하는 중)
  
C:\Users\PC\OneDrive\바탕 화면\Merge_Sun_and_Moon\Merge\D3D12_Project\Packet.h(1,1): warning C4819: 현재 코드 페이지(949)에서 표시할 수 없는 문자가 파일에 들어 있습니다. 데이터가 손실되지 않게 하려면 해당 파일을 유니코드 형식으로 저장하십시오.
  (소스 파일 'Framework.cpp'을(를) 컴파일하는 중)
  
C:\Users\PC\OneDrive\바탕 화면\Merge_Sun_and_Moon\Merge\D3D12_Project\LoginUI.h(1,1): warning C4819: 현재 코드 페이지(949)에서 표시할 수 없는 문자가 파일에 들어 있습니다. 데이터가 손실되지 않게 하려면 해당 파일을 유니코드 형식으로 저장하십시오.
  (소스 파일 'Framework.cpp'을(를) 컴파일하는 중)
  
C:\Users\PC\OneDrive\바탕 화면\Merge_Sun_and_Moon\Merge\D3D12_Project\Framework.cpp(140,34): warning C4101: 'e' :참조되지 않은 지역 변수입니다.
C:\Program Files\Microsoft Visual Studio\2022\Community\VC\Tools\MSVC\14.39.33519\include\xutility(4537,18): warning C4244: '=': 'const WCHAR'에서 'char'(으)로 변환하면서 데이터가 손실될 수 있습니다.
  (소스 파일 'Framework.cpp'을(를) 컴파일하는 중)
  C:\Program Files\Microsoft Visual Studio\2022\Community\VC\Tools\MSVC\14.39.33519\include\xutility(4537,18):
  템플릿 인스턴스화 컨텍스트(가장 오래된 인스턴스화 컨텍스트)가
  	C:\Users\PC\OneDrive\바탕 화면\Merge_Sun_and_Moon\Merge\D3D12_Project\Framework.cpp(663,22):
  	컴파일되는 함수 템플릿 인스턴스화 'std::basic_string<char,std::char_traits<char>,std::allocator<char>>::basic_string<std::_String_const_iterator<std::_String_val<std::_Simple_types<_Elem>>>,0>(_Iter,_Iter,const _Alloc &)'에 대한 참조를 확인하세요.
          with
          [
              _Elem=wchar_t,
              _Iter=std::_String_const_iterator<std::_String_val<std::_Simple_types<wchar_t>>>,
              _Alloc=std::allocator<char>
          ]
  		C:\Users\PC\OneDrive\바탕 화면\Merge_Sun_and_Moon\Merge\D3D12_Project\Framework.cpp(663,22):
  		'Framework::OnConnectToServer'에서 'std::basic_string<char,std::char_traits<char>,std::allocator<char>>::basic_string'에 대한 첫 번째 참조를 확인하세요.
  	C:\Program Files\Microsoft Visual Studio\2022\Community\VC\Tools\MSVC\14.39.33519\include\xstring(2600,17):
  	컴파일되는 함수 템플릿 인스턴스화 'void std::basic_string<char,std::char_traits<char>,std::allocator<char>>::_Construct_from_iter<const WCHAR*,const WCHAR*,_Size_type>(_Iter,const _Sent,_Size)'에 대한 참조를 확인하세요.
          with
          [
              _Size_type=unsigned __int64,
              _Iter=const WCHAR *,
              _Sent=const WCHAR *,
              _Size=unsigned __int64
          ]
  	C:\Program Files\Microsoft Visual Studio\2022\Community\VC\Tools\MSVC\14.39.33519\include\xstring(2756,18):
  	컴파일되는 함수 템플릿 인스턴스화 '_OutIt *std::_Copy_n_unchecked4<const WCHAR*,_Size,char*>(_InIt,_SizeTy,_OutIt)'에 대한 참조를 확인하세요.
          with
          [
              _OutIt=char *,
              _Size=unsigned __int64,
              _InIt=const WCHAR *,
              _SizeTy=unsigned __int64
          ]
  
  Main.cpp
C:\Users\PC\OneDrive\바탕 화면\Merge_Sun_and_Moon\Merge\D3D12_Project\stdafx.h(10,1): warning C4005: '_WINSOCKAPI_': 매크로 재정의
  (소스 파일 'Main.cpp'을(를) 컴파일하는 중)
  C:\Users\PC\OneDrive\바탕 화면\Merge_Sun_and_Moon\Merge\D3D12_Project\stdafx.h(10,1):
  이전에 명령줄에서 선언된 '_WINSOCKAPI_'
  
C:\Users\PC\OneDrive\바탕 화면\Merge_Sun_and_Moon\Merge\D3D12_Project\Framework.h(1,1): warning C4819: 현재 코드 페이지(949)에서 표시할 수 없는 문자가 파일에 들어 있습니다. 데이터가 손실되지 않게 하려면 해당 파일을 유니코드 형식으로 저장하십시오.
  (소스 파일 'Main.cpp'을(를) 컴파일하는 중)
  
C:\Users\PC\OneDrive\바탕 화면\Merge_Sun_and_Moon\Merge\D3D12_Project\Object.h(1,1): warning C4819: 현재 코드 페이지(949)에서 표시할 수 없는 문자가 파일에 들어 있습니다. 데이터가 손실되지 않게 하려면 해당 파일을 유니코드 형식으로 저장하십시오.
  (소스 파일 'Main.cpp'을(를) 컴파일하는 중)
  
C:\Users\PC\OneDrive\바탕 화면\Merge_Sun_and_Moon\Merge\D3D12_Project\NetworkManager.h(1,1): warning C4819: 현재 코드 페이지(949)에서 표시할 수 없는 문자가 파일에 들어 있습니다. 데이터가 손실되지 않게 하려면 해당 파일을 유니코드 형식으로 저장하십시오.
  (소스 파일 'Main.cpp'을(를) 컴파일하는 중)
  
C:\Users\PC\OneDrive\바탕 화면\Merge_Sun_and_Moon\Merge\D3D12_Project\Packet.h(1,1): warning C4819: 현재 코드 페이지(949)에서 표시할 수 없는 문자가 파일에 들어 있습니다. 데이터가 손실되지 않게 하려면 해당 파일을 유니코드 형식으로 저장하십시오.
  (소스 파일 'Main.cpp'을(를) 컴파일하는 중)
  
C:\Users\PC\OneDrive\바탕 화면\Merge_Sun_and_Moon\Merge\D3D12_Project\LoginUI.h(1,1): warning C4819: 현재 코드 페이지(949)에서 표시할 수 없는 문자가 파일에 들어 있습니다. 데이터가 손실되지 않게 하려면 해당 파일을 유니코드 형식으로 저장하십시오.
  (소스 파일 'Main.cpp'을(를) 컴파일하는 중)
  
  NetworkManager.cpp
C:\Users\PC\OneDrive\바탕 화면\Merge_Sun_and_Moon\Merge\D3D12_Project\NetworkManager.cpp(1,1): warning C4819: 현재 코드 페이지(949)에서 표시할 수 없는 문자가 파일에 들어 있습니다. 데이터가 손실되지 않게 하려면 해당 파일을 유니코드 형식으로 저장하십시오.
C:\Users\PC\OneDrive\바탕 화면\Merge_Sun_and_Moon\Merge\D3D12_Project\stdafx.h(10,1): warning C4005: '_WINSOCKAPI_': 매크로 재정의
  (소스 파일 'NetworkManager.cpp'을(를) 컴파일하는 중)
  C:\Users\PC\OneDrive\바탕 화면\Merge_Sun_and_Moon\Merge\D3D12_Project\stdafx.h(10,1):
  이전에 명령줄에서 선언된 '_WINSOCKAPI_'
  
C:\Users\PC\OneDrive\바탕 화면\Merge_Sun_and_Moon\Merge\D3D12_Project\NetworkManager.h(1,1): warning C4819: 현재 코드 페이지(949)에서 표시할 수 없는 문자가 파일에 들어 있습니다. 데이터가 손실되지 않게 하려면 해당 파일을 유니코드 형식으로 저장하십시오.
  (소스 파일 'NetworkManager.cpp'을(를) 컴파일하는 중)
  
C:\Users\PC\OneDrive\바탕 화면\Merge_Sun_and_Moon\Merge\D3D12_Project\Packet.h(1,1): warning C4819: 현재 코드 페이지(949)에서 표시할 수 없는 문자가 파일에 들어 있습니다. 데이터가 손실되지 않게 하려면 해당 파일을 유니코드 형식으로 저장하십시오.
  (소스 파일 'NetworkManager.cpp'을(를) 컴파일하는 중)
  
C:\Users\PC\OneDrive\바탕 화면\Merge_Sun_and_Moon\Merge\D3D12_Project\Object.h(1,1): warning C4819: 현재 코드 페이지(949)에서 표시할 수 없는 문자가 파일에 들어 있습니다. 데이터가 손실되지 않게 하려면 해당 파일을 유니코드 형식으로 저장하십시오.
  (소스 파일 'NetworkManager.cpp'을(를) 컴파일하는 중)
  
C:\Users\PC\OneDrive\바탕 화면\Merge_Sun_and_Moon\Merge\D3D12_Project\OtherPlayerManager.h(1,1): warning C4819: 현재 코드 페이지(949)에서 표시할 수 없는 문자가 파일에 들어 있습니다. 데이터가 손실되지 않게 하려면 해당 파일을 유니코드 형식으로 저장하십시오.
  (소스 파일 'NetworkManager.cpp'을(를) 컴파일하는 중)
  
C:\Users\PC\OneDrive\바탕 화면\Merge_Sun_and_Moon\Merge\D3D12_Project\NetworkManager.cpp(706,1): warning C4819: 현재 코드 페이지(949)에서 표시할 수 없는 문자가 파일에 들어 있습니다. 데이터가 손실되지 않게 하려면 해당 파일을 유니코드 형식으로 저장하십시오.
C:\Users\PC\OneDrive\바탕 화면\Merge_Sun_and_Moon\Merge\D3D12_Project\NetworkManager.cpp(752,54): warning C4101: 'e' :참조되지 않은 지역 변수입니다.
C:\Program Files\Microsoft Visual Studio\2022\Community\VC\Tools\MSVC\14.39.33519\include\xutility(4537,18): warning C4244: '=': 'const WCHAR'에서 'char'(으)로 변환하면서 데이터가 손실될 수 있습니다.
  (소스 파일 'NetworkManager.cpp'을(를) 컴파일하는 중)
  C:\Program Files\Microsoft Visual Studio\2022\Community\VC\Tools\MSVC\14.39.33519\include\xutility(4537,18):
  템플릿 인스턴스화 컨텍스트(가장 오래된 인스턴스화 컨텍스트)가
  	C:\Users\PC\OneDrive\바탕 화면\Merge_Sun_and_Moon\Merge\D3D12_Project\NetworkManager.cpp(241,47):
  	컴파일되는 함수 템플릿 인스턴스화 'std::basic_string<char,std::char_traits<char>,std::allocator<char>>::basic_string<std::_String_const_iterator<std::_String_val<std::_Simple_types<_Elem>>>,0>(_Iter,_Iter,const _Alloc &)'에 대한 참조를 확인하세요.
          with
          [
              _Elem=wchar_t,
              _Iter=std::_String_const_iterator<std::_String_val<std::_Simple_types<wchar_t>>>,
              _Alloc=std::allocator<char>
          ]
  		C:\Users\PC\OneDrive\바탕 화면\Merge_Sun_and_Moon\Merge\D3D12_Project\NetworkManager.cpp(241,34):
  		'NetworkManager::SendStageChange'에서 'std::basic_string<char,std::char_traits<char>,std::allocator<char>>::basic_string'에 대한 첫 번째 참조를 확인하세요.
  	C:\Program Files\Microsoft Visual Studio\2022\Community\VC\Tools\MSVC\14.39.33519\include\xstring(2600,17):
  	컴파일되는 함수 템플릿 인스턴스화 'void std::basic_string<char,std::char_traits<char>,std::allocator<char>>::_Construct_from_iter<const WCHAR*,const WCHAR*,_Size_type>(_Iter,const _Sent,_Size)'에 대한 참조를 확인하세요.
          with
          [
              _Size_type=unsigned __int64,
              _Iter=const WCHAR *,
              _Sent=const WCHAR *,
              _Size=unsigned __int64
          ]
  	C:\Program Files\Microsoft Visual Studio\2022\Community\VC\Tools\MSVC\14.39.33519\include\xstring(2756,18):
  	컴파일되는 함수 템플릿 인스턴스화 '_OutIt *std::_Copy_n_unchecked4<const WCHAR*,_Size,char*>(_InIt,_SizeTy,_OutIt)'에 대한 참조를 확인하세요.
          with
          [
              _OutIt=char *,
              _Size=unsigned __int64,
              _InIt=const WCHAR *,
              _SizeTy=unsigned __int64
          ]
  
C:\Program Files\Microsoft Visual Studio\2022\Community\VC\Tools\MSVC\14.39.33519\include\xutility(4537,18): warning C4244: '=': 'wchar_t'에서 'char'(으)로 변환하면서 데이터가 손실될 수 있습니다.
  (소스 파일 'NetworkManager.cpp'을(를) 컴파일하는 중)
  C:\Program Files\Microsoft Visual Studio\2022\Community\VC\Tools\MSVC\14.39.33519\include\xutility(4537,18):
  템플릿 인스턴스화 컨텍스트(가장 오래된 인스턴스화 컨텍스트)가
  	C:\Users\PC\OneDrive\바탕 화면\Merge_Sun_and_Moon\Merge\D3D12_Project\NetworkManager.cpp(758,45):
  	컴파일되는 함수 템플릿 인스턴스화 'std::basic_string<char,std::char_traits<char>,std::allocator<char>>::basic_string<std::_String_iterator<std::_String_val<std::_Simple_types<_Elem>>>,0>(_Iter,_Iter,const _Alloc &)'에 대한 참조를 확인하세요.
          with
          [
              _Elem=wchar_t,
              _Iter=std::_String_iterator<std::_String_val<std::_Simple_types<wchar_t>>>,
              _Alloc=std::allocator<char>
          ]
  		C:\Users\PC\OneDrive\바탕 화면\Merge_Sun_and_Moon\Merge\D3D12_Project\NetworkManager.cpp(758,45):
  		'NetworkManager::ProcessPacket'에서 'std::basic_string<char,std::char_traits<char>,std::allocator<char>>::basic_string'에 대한 첫 번째 참조를 확인하세요.
  	C:\Program Files\Microsoft Visual Studio\2022\Community\VC\Tools\MSVC\14.39.33519\include\xstring(2600,17):
  	컴파일되는 함수 템플릿 인스턴스화 'void std::basic_string<char,std::char_traits<char>,std::allocator<char>>::_Construct_from_iter<wchar_t*,wchar_t*,_Size_type>(_Iter,const _Sent,_Size)'에 대한 참조를 확인하세요.
          with
          [
              _Size_type=unsigned __int64,
              _Iter=wchar_t *,
              _Sent=wchar_t *,
              _Size=unsigned __int64
          ]
  	C:\Program Files\Microsoft Visual Studio\2022\Community\VC\Tools\MSVC\14.39.33519\include\xstring(2756,18):
  	컴파일되는 함수 템플릿 인스턴스화 '_OutIt *std::_Copy_n_unchecked4<wchar_t*,_Size,char*>(_InIt,_SizeTy,_OutIt)'에 대한 참조를 확인하세요.
          with
          [
              _OutIt=char *,
              _Size=unsigned __int64,
              _InIt=wchar_t *,
              _SizeTy=unsigned __int64
          ]
  
  Object.cpp
C:\Users\PC\OneDrive\바탕 화면\Merge_Sun_and_Moon\Merge\D3D12_Project\Object.cpp(1,1): warning C4819: 현재 코드 페이지(949)에서 표시할 수 없는 문자가 파일에 들어 있습니다. 데이터가 손실되지 않게 하려면 해당 파일을 유니코드 형식으로 저장하십시오.
C:\Users\PC\OneDrive\바탕 화면\Merge_Sun_and_Moon\Merge\D3D12_Project\stdafx.h(10,1): warning C4005: '_WINSOCKAPI_': 매크로 재정의
  (소스 파일 'Object.cpp'을(를) 컴파일하는 중)
  C:\Users\PC\OneDrive\바탕 화면\Merge_Sun_and_Moon\Merge\D3D12_Project\stdafx.h(10,1):
  이전에 명령줄에서 선언된 '_WINSOCKAPI_'
  
C:\Users\PC\OneDrive\바탕 화면\Merge_Sun_and_Moon\Merge\D3D12_Project\Object.h(1,1): warning C4819: 현재 코드 페이지(949)에서 표시할 수 없는 문자가 파일에 들어 있습니다. 데이터가 손실되지 않게 하려면 해당 파일을 유니코드 형식으로 저장하십시오.
  (소스 파일 'Object.cpp'을(를) 컴파일하는 중)
  
C:\Users\PC\OneDrive\바탕 화면\Merge_Sun_and_Moon\Merge\D3D12_Project\NetworkManager.h(1,1): warning C4819: 현재 코드 페이지(949)에서 표시할 수 없는 문자가 파일에 들어 있습니다. 데이터가 손실되지 않게 하려면 해당 파일을 유니코드 형식으로 저장하십시오.
  (소스 파일 'Object.cpp'을(를) 컴파일하는 중)
  
C:\Users\PC\OneDrive\바탕 화면\Merge_Sun_and_Moon\Merge\D3D12_Project\Packet.h(1,1): warning C4819: 현재 코드 페이지(949)에서 표시할 수 없는 문자가 파일에 들어 있습니다. 데이터가 손실되지 않게 하려면 해당 파일을 유니코드 형식으로 저장하십시오.
  (소스 파일 'Object.cpp'을(를) 컴파일하는 중)
  
C:\Users\PC\OneDrive\바탕 화면\Merge_Sun_and_Moon\Merge\D3D12_Project\Framework.h(1,1): warning C4819: 현재 코드 페이지(949)에서 표시할 수 없는 문자가 파일에 들어 있습니다. 데이터가 손실되지 않게 하려면 해당 파일을 유니코드 형식으로 저장하십시오.
  (소스 파일 'Object.cpp'을(를) 컴파일하는 중)
  
C:\Users\PC\OneDrive\바탕 화면\Merge_Sun_and_Moon\Merge\D3D12_Project\LoginUI.h(1,1): warning C4819: 현재 코드 페이지(949)에서 표시할 수 없는 문자가 파일에 들어 있습니다. 데이터가 손실되지 않게 하려면 해당 파일을 유니코드 형식으로 저장하십시오.
  (소스 파일 'Object.cpp'을(를) 컴파일하는 중)
  
C:\Users\PC\OneDrive\바탕 화면\Merge_Sun_and_Moon\Merge\D3D12_Project\Object.cpp(716,26): warning C4244: '초기화 중': 'int'에서 'float'(으)로 변환하면서 데이터가 손실될 수 있습니다.
C:\Users\PC\OneDrive\바탕 화면\Merge_Sun_and_Moon\Merge\D3D12_Project\Object.cpp(723,22): warning C4244: '=': 'int'에서 'float'(으)로 변환하면서 데이터가 손실될 수 있습니다.
C:\Users\PC\OneDrive\바탕 화면\Merge_Sun_and_Moon\Merge\D3D12_Project\Object.cpp(847,1): warning C4819: 현재 코드 페이지(949)에서 표시할 수 없는 문자가 파일에 들어 있습니다. 데이터가 손실되지 않게 하려면 해당 파일을 유니코드 형식으로 저장하십시오.
C:\Users\PC\OneDrive\바탕 화면\Merge_Sun_and_Moon\Merge\D3D12_Project\Object.cpp(1052,26): warning C4244: '초기화 중': 'int'에서 'float'(으)로 변환하면서 데이터가 손실될 수 있습니다.
C:\Users\PC\OneDrive\바탕 화면\Merge_Sun_and_Moon\Merge\D3D12_Project\Object.cpp(1060,22): warning C4244: '=': 'int'에서 'float'(으)로 변환하면서 데이터가 손실될 수 있습니다.
C:\Users\PC\OneDrive\바탕 화면\Merge_Sun_and_Moon\Merge\D3D12_Project\Object.cpp(1310,19): warning C4244: '초기화 중': 'int'에서 'float'(으)로 변환하면서 데이터가 손실될 수 있습니다.
C:\Users\PC\OneDrive\바탕 화면\Merge_Sun_and_Moon\Merge\D3D12_Project\Object.cpp(1331,70): warning C4244: '=': 'double'에서 'float'(으)로 변환하면서 데이터가 손실될 수 있습니다.
C:\Users\PC\OneDrive\바탕 화면\Merge_Sun_and_Moon\Merge\D3D12_Project\Object.cpp(1382,27): warning C4305: '초기화 중': 'double'에서 'float'(으)로 잘립니다.
C:\Users\PC\OneDrive\바탕 화면\Merge_Sun_and_Moon\Merge\D3D12_Project\Object.cpp(1609,1): warning C4819: 현재 코드 페이지(949)에서 표시할 수 없는 문자가 파일에 들어 있습니다. 데이터가 손실되지 않게 하려면 해당 파일을 유니코드 형식으로 저장하십시오.
  OtherPlayerManager.cpp
C:\Users\PC\OneDrive\바탕 화면\Merge_Sun_and_Moon\Merge\D3D12_Project\OtherPlayerManager.cpp(1,1): warning C4819: 현재 코드 페이지(949)에서 표시할 수 없는 문자가 파일에 들어 있습니다. 데이터가 손실되지 않게 하려면 해당 파일을 유니코드 형식으로 저장하십시오.
C:\Users\PC\OneDrive\바탕 화면\Merge_Sun_and_Moon\Merge\D3D12_Project\stdafx.h(10,1): warning C4005: '_WINSOCKAPI_': 매크로 재정의
  (소스 파일 'OtherPlayerManager.cpp'을(를) 컴파일하는 중)
  C:\Users\PC\OneDrive\바탕 화면\Merge_Sun_and_Moon\Merge\D3D12_Project\stdafx.h(10,1):
  이전에 명령줄에서 선언된 '_WINSOCKAPI_'
  
C:\Users\PC\OneDrive\바탕 화면\Merge_Sun_and_Moon\Merge\D3D12_Project\OtherPlayerManager.h(1,1): warning C4819: 현재 코드 페이지(949)에서 표시할 수 없는 문자가 파일에 들어 있습니다. 데이터가 손실되지 않게 하려면 해당 파일을 유니코드 형식으로 저장하십시오.
  (소스 파일 'OtherPlayerManager.cpp'을(를) 컴파일하는 중)
  
C:\Users\PC\OneDrive\바탕 화면\Merge_Sun_and_Moon\Merge\D3D12_Project\Object.h(1,1): warning C4819: 현재 코드 페이지(949)에서 표시할 수 없는 문자가 파일에 들어 있습니다. 데이터가 손실되지 않게 하려면 해당 파일을 유니코드 형식으로 저장하십시오.
  (소스 파일 'OtherPlayerManager.cpp'을(를) 컴파일하는 중)
  
C:\Users\PC\OneDrive\바탕 화면\Merge_Sun_and_Moon\Merge\D3D12_Project\NetworkManager.h(1,1): warning C4819: 현재 코드 페이지(949)에서 표시할 수 없는 문자가 파일에 들어 있습니다. 데이터가 손실되지 않게 하려면 해당 파일을 유니코드 형식으로 저장하십시오.
  (소스 파일 'OtherPlayerManager.cpp'을(를) 컴파일하는 중)
  
C:\Users\PC\OneDrive\바탕 화면\Merge_Sun_and_Moon\Merge\D3D12_Project\Packet.h(1,1): warning C4819: 현재 코드 페이지(949)에서 표시할 수 없는 문자가 파일에 들어 있습니다. 데이터가 손실되지 않게 하려면 해당 파일을 유니코드 형식으로 저장하십시오.
  (소스 파일 'OtherPlayerManager.cpp'을(를) 컴파일하는 중)
  
C:\Users\PC\OneDrive\바탕 화면\Merge_Sun_and_Moon\Merge\D3D12_Project\OtherPlayerManager.cpp(57,34): warning C4101: 'e' :참조되지 않은 지역 변수입니다.
  Scene.cpp
C:\Users\PC\OneDrive\바탕 화면\Merge_Sun_and_Moon\Merge\D3D12_Project\Scene.cpp(1,1): warning C4819: 현재 코드 페이지(949)에서 표시할 수 없는 문자가 파일에 들어 있습니다. 데이터가 손실되지 않게 하려면 해당 파일을 유니코드 형식으로 저장하십시오.
C:\Users\PC\OneDrive\바탕 화면\Merge_Sun_and_Moon\Merge\D3D12_Project\stdafx.h(10,1): warning C4005: '_WINSOCKAPI_': 매크로 재정의
  (소스 파일 'Scene.cpp'을(를) 컴파일하는 중)
  C:\Users\PC\OneDrive\바탕 화면\Merge_Sun_and_Moon\Merge\D3D12_Project\stdafx.h(10,1):
  이전에 명령줄에서 선언된 '_WINSOCKAPI_'
  
C:\Users\PC\OneDrive\바탕 화면\Merge_Sun_and_Moon\Merge\D3D12_Project\Object.h(1,1): warning C4819: 현재 코드 페이지(949)에서 표시할 수 없는 문자가 파일에 들어 있습니다. 데이터가 손실되지 않게 하려면 해당 파일을 유니코드 형식으로 저장하십시오.
  (소스 파일 'Scene.cpp'을(를) 컴파일하는 중)
  
C:\Users\PC\OneDrive\바탕 화면\Merge_Sun_and_Moon\Merge\D3D12_Project\NetworkManager.h(1,1): warning C4819: 현재 코드 페이지(949)에서 표시할 수 없는 문자가 파일에 들어 있습니다. 데이터가 손실되지 않게 하려면 해당 파일을 유니코드 형식으로 저장하십시오.
  (소스 파일 'Scene.cpp'을(를) 컴파일하는 중)
  
C:\Users\PC\OneDrive\바탕 화면\Merge_Sun_and_Moon\Merge\D3D12_Project\Packet.h(1,1): warning C4819: 현재 코드 페이지(949)에서 표시할 수 없는 문자가 파일에 들어 있습니다. 데이터가 손실되지 않게 하려면 해당 파일을 유니코드 형식으로 저장하십시오.
  (소스 파일 'Scene.cpp'을(를) 컴파일하는 중)
  
C:\Users\PC\OneDrive\바탕 화면\Merge_Sun_and_Moon\Merge\D3D12_Project\OtherPlayerManager.h(1,1): warning C4819: 현재 코드 페이지(949)에서 표시할 수 없는 문자가 파일에 들어 있습니다. 데이터가 손실되지 않게 하려면 해당 파일을 유니코드 형식으로 저장하십시오.
  (소스 파일 'Scene.cpp'을(를) 컴파일하는 중)
  
C:\Users\PC\OneDrive\바탕 화면\Merge_Sun_and_Moon\Merge\D3D12_Project\Framework.h(1,1): warning C4819: 현재 코드 페이지(949)에서 표시할 수 없는 문자가 파일에 들어 있습니다. 데이터가 손실되지 않게 하려면 해당 파일을 유니코드 형식으로 저장하십시오.
  (소스 파일 'Scene.cpp'을(를) 컴파일하는 중)
  
C:\Users\PC\OneDrive\바탕 화면\Merge_Sun_and_Moon\Merge\D3D12_Project\LoginUI.h(1,1): warning C4819: 현재 코드 페이지(949)에서 표시할 수 없는 문자가 파일에 들어 있습니다. 데이터가 손실되지 않게 하려면 해당 파일을 유니코드 형식으로 저장하십시오.
  (소스 파일 'Scene.cpp'을(를) 컴파일하는 중)
  
C:\Users\PC\OneDrive\바탕 화면\Merge_Sun_and_Moon\Merge\D3D12_Project\Scene.cpp(96,17): warning C4305: '=': 'double'에서 'float'(으)로 잘립니다.
C:\Users\PC\OneDrive\바탕 화면\Merge_Sun_and_Moon\Merge\D3D12_Project\Scene.cpp(560,1): warning C4819: 현재 코드 페이지(949)에서 표시할 수 없는 문자가 파일에 들어 있습니다. 데이터가 손실되지 않게 하려면 해당 파일을 유니코드 형식으로 저장하십시오.
C:\Users\PC\OneDrive\바탕 화면\Merge_Sun_and_Moon\Merge\D3D12_Project\Scene.cpp(667,17): warning C4305: '=': 'double'에서 'float'(으)로 잘립니다.
C:\Users\PC\OneDrive\바탕 화면\Merge_Sun_and_Moon\Merge\D3D12_Project\Scene.cpp(1094,28): warning C4244: '=': 'int'에서 'float'(으)로 변환하면서 데이터가 손실될 수 있습니다.
C:\Users\PC\OneDrive\바탕 화면\Merge_Sun_and_Moon\Merge\D3D12_Project\Scene.cpp(1095,29): warning C4244: '=': 'int'에서 'float'(으)로 변환하면서 데이터가 손실될 수 있습니다.
C:\Users\PC\OneDrive\바탕 화면\Merge_Sun_and_Moon\Merge\D3D12_Project\Scene.cpp(1211,1): warning C4819: 현재 코드 페이지(949)에서 표시할 수 없는 문자가 파일에 들어 있습니다. 데이터가 손실되지 않게 하려면 해당 파일을 유니코드 형식으로 저장하십시오.
C:\Users\PC\OneDrive\바탕 화면\Merge_Sun_and_Moon\Merge\D3D12_Project\Scene.cpp(1330,34): warning C4101: 'e' :참조되지 않은 지역 변수입니다.
C:\Users\PC\OneDrive\바탕 화면\Merge_Sun_and_Moon\Merge\D3D12_Project\Scene.cpp(1399,90): warning C4267: '인수': 'size_t'에서 'UINT'(으)로 변환하면서 데이터가 손실될 수 있습니다.
C:\Users\PC\OneDrive\바탕 화면\Merge_Sun_and_Moon\Merge\D3D12_Project\Scene.cpp(1438,79): warning C4267: '초기화 중': 'size_t'에서 'UINT'(으)로 변환하면서 데이터가 손실될 수 있습니다.
C:\Users\PC\OneDrive\바탕 화면\Merge_Sun_and_Moon\Merge\D3D12_Project\Scene.cpp(1438,33): warning C4267: '초기화 중': 'size_t'에서 'const UINT'(으)로 변환하면서 데이터가 손실될 수 있습니다.
C:\Users\PC\OneDrive\바탕 화면\Merge_Sun_and_Moon\Merge\D3D12_Project\Scene.cpp(1471,77): warning C4267: '초기화 중': 'size_t'에서 'UINT'(으)로 변환하면서 데이터가 손실될 수 있습니다.
C:\Users\PC\OneDrive\바탕 화면\Merge_Sun_and_Moon\Merge\D3D12_Project\Scene.cpp(1471,32): warning C4267: '초기화 중': 'size_t'에서 'const UINT'(으)로 변환하면서 데이터가 손실될 수 있습니다.
C:\Users\PC\OneDrive\바탕 화면\Merge_Sun_and_Moon\Merge\D3D12_Project\Scene.cpp(1506,82): warning C4267: '=': 'size_t'에서 'UINT'(으)로 변환하면서 데이터가 손실될 수 있습니다.
C:\Users\PC\OneDrive\바탕 화면\Merge_Sun_and_Moon\Merge\D3D12_Project\Scene.cpp(1513,80): warning C4267: '=': 'size_t'에서 'UINT'(으)로 변환하면서 데이터가 손실될 수 있습니다.
C:\Users\PC\OneDrive\바탕 화면\Merge_Sun_and_Moon\Merge\D3D12_Project\Scene.cpp(1582,110): warning C4267: '인수': 'size_t'에서 'UINT'(으)로 변환하면서 데이터가 손실될 수 있습니다.
C:\Users\PC\OneDrive\바탕 화면\Merge_Sun_and_Moon\Merge\D3D12_Project\Scene.cpp(1887,1): warning C4819: 현재 코드 페이지(949)에서 표시할 수 없는 문자가 파일에 들어 있습니다. 데이터가 손실되지 않게 하려면 해당 파일을 유니코드 형식으로 저장하십시오.
  Shadow.cpp
C:\Users\PC\OneDrive\바탕 화면\Merge_Sun_and_Moon\Merge\D3D12_Project\stdafx.h(10,1): warning C4005: '_WINSOCKAPI_': 매크로 재정의
  (소스 파일 'Shadow.cpp'을(를) 컴파일하는 중)
  C:\Users\PC\OneDrive\바탕 화면\Merge_Sun_and_Moon\Merge\D3D12_Project\stdafx.h(10,1):
  이전에 명령줄에서 선언된 '_WINSOCKAPI_'
  
C:\Users\PC\OneDrive\바탕 화면\Merge_Sun_and_Moon\Merge\D3D12_Project\Object.h(1,1): warning C4819: 현재 코드 페이지(949)에서 표시할 수 없는 문자가 파일에 들어 있습니다. 데이터가 손실되지 않게 하려면 해당 파일을 유니코드 형식으로 저장하십시오.
  (소스 파일 'Shadow.cpp'을(를) 컴파일하는 중)
  
C:\Users\PC\OneDrive\바탕 화면\Merge_Sun_and_Moon\Merge\D3D12_Project\NetworkManager.h(1,1): warning C4819: 현재 코드 페이지(949)에서 표시할 수 없는 문자가 파일에 들어 있습니다. 데이터가 손실되지 않게 하려면 해당 파일을 유니코드 형식으로 저장하십시오.
  (소스 파일 'Shadow.cpp'을(를) 컴파일하는 중)
  
C:\Users\PC\OneDrive\바탕 화면\Merge_Sun_and_Moon\Merge\D3D12_Project\Packet.h(1,1): warning C4819: 현재 코드 페이지(949)에서 표시할 수 없는 문자가 파일에 들어 있습니다. 데이터가 손실되지 않게 하려면 해당 파일을 유니코드 형식으로 저장하십시오.
  (소스 파일 'Shadow.cpp'을(를) 컴파일하는 중)
  
C:\Users\PC\OneDrive\바탕 화면\Merge_Sun_and_Moon\Merge\D3D12_Project\Framework.h(1,1): warning C4819: 현재 코드 페이지(949)에서 표시할 수 없는 문자가 파일에 들어 있습니다. 데이터가 손실되지 않게 하려면 해당 파일을 유니코드 형식으로 저장하십시오.
  (소스 파일 'Shadow.cpp'을(를) 컴파일하는 중)
  
C:\Users\PC\OneDrive\바탕 화면\Merge_Sun_and_Moon\Merge\D3D12_Project\LoginUI.h(1,1): warning C4819: 현재 코드 페이지(949)에서 표시할 수 없는 문자가 파일에 들어 있습니다. 데이터가 손실되지 않게 하려면 해당 파일을 유니코드 형식으로 저장하십시오.
  (소스 파일 'Shadow.cpp'을(를) 컴파일하는 중)
  
  Win32Application.cpp
C:\Users\PC\OneDrive\바탕 화면\Merge_Sun_and_Moon\Merge\D3D12_Project\Win32Application.cpp(1,1): warning C4819: 현재 코드 페이지(949)에서 표시할 수 없는 문자가 파일에 들어 있습니다. 데이터가 손실되지 않게 하려면 해당 파일을 유니코드 형식으로 저장하십시오.
C:\Users\PC\OneDrive\바탕 화면\Merge_Sun_and_Moon\Merge\D3D12_Project\stdafx.h(10,1): warning C4005: '_WINSOCKAPI_': 매크로 재정의
  (소스 파일 'Win32Application.cpp'을(를) 컴파일하는 중)
  C:\Users\PC\OneDrive\바탕 화면\Merge_Sun_and_Moon\Merge\D3D12_Project\stdafx.h(10,1):
  이전에 명령줄에서 선언된 '_WINSOCKAPI_'
  
C:\Users\PC\OneDrive\바탕 화면\Merge_Sun_and_Moon\Merge\D3D12_Project\Framework.h(1,1): warning C4819: 현재 코드 페이지(949)에서 표시할 수 없는 문자가 파일에 들어 있습니다. 데이터가 손실되지 않게 하려면 해당 파일을 유니코드 형식으로 저장하십시오.
  (소스 파일 'Win32Application.cpp'을(를) 컴파일하는 중)
  
C:\Users\PC\OneDrive\바탕 화면\Merge_Sun_and_Moon\Merge\D3D12_Project\Object.h(1,1): warning C4819: 현재 코드 페이지(949)에서 표시할 수 없는 문자가 파일에 들어 있습니다. 데이터가 손실되지 않게 하려면 해당 파일을 유니코드 형식으로 저장하십시오.
  (소스 파일 'Win32Application.cpp'을(를) 컴파일하는 중)
  
C:\Users\PC\OneDrive\바탕 화면\Merge_Sun_and_Moon\Merge\D3D12_Project\NetworkManager.h(1,1): warning C4819: 현재 코드 페이지(949)에서 표시할 수 없는 문자가 파일에 들어 있습니다. 데이터가 손실되지 않게 하려면 해당 파일을 유니코드 형식으로 저장하십시오.
  (소스 파일 'Win32Application.cpp'을(를) 컴파일하는 중)
  
C:\Users\PC\OneDrive\바탕 화면\Merge_Sun_and_Moon\Merge\D3D12_Project\Packet.h(1,1): warning C4819: 현재 코드 페이지(949)에서 표시할 수 없는 문자가 파일에 들어 있습니다. 데이터가 손실되지 않게 하려면 해당 파일을 유니코드 형식으로 저장하십시오.
  (소스 파일 'Win32Application.cpp'을(를) 컴파일하는 중)
  
C:\Users\PC\OneDrive\바탕 화면\Merge_Sun_and_Moon\Merge\D3D12_Project\LoginUI.h(1,1): warning C4819: 현재 코드 페이지(949)에서 표시할 수 없는 문자가 파일에 들어 있습니다. 데이터가 손실되지 않게 하려면 해당 파일을 유니코드 형식으로 저장하십시오.
  (소스 파일 'Win32Application.cpp'을(를) 컴파일하는 중)
  
  코드를 생성하고 있습니다...
  D3D12_Project.vcxproj -> C:\Users\PC\OneDrive\바탕 화면\Merge_Sun_and_Moon\Merge\D3D12_Project\x64\Debug\D3D12_Project.exe
